app/(root)/problems/page.tsx(32,22): error TS2322: Type '({ solvedBy: { id: string; createdAt: Date; userId: string; problemId: string; }[]; } & { id: string; createdAt: Date; updatedAt: Date; title: string; description: string; difficulty: Difficulty; ... 9 more ...; referenceSolution: JsonValue; })[] | undefined' is not assignable to type 'Problem[]'.
  Type 'undefined' is not assignable to type 'Problem[]'.
app/api/create-problem/route.ts(146,17): error TS2322: Type 'string | { success: boolean; error: string; }' is not assignable to type 'string | undefined'.
  Type '{ success: boolean; error: string; }' is not assignable to type 'string'.
app/problem/[id]/page.tsx(150,19): error TS18046: 'error' is of type 'unknown'.
modules/problems/actions/index.ts(701,46): error TS7006: Parameter 'problemId' implicitly has an 'any' type.
modules/problems/components/submission-history.tsx(35,65): error TS2345: Argument of type 'number' is not assignable to parameter of type 'string'.
modules/profile/actions/index.ts(12,27): error TS18047: 'user' is possibly 'null'.
